The ``converters`` are currently experimental. It may not support operations including (but not limited to) Functions in ``torch.nn.functional`` that involved data dimension

Compiled modules for significant speedup can not be used!
https://pymoo.org/installation.html#installation

To disable this warning:
from pymoo.config import Config
Config.warnings['not_compiled'] = False

[INFO] Register count_convNd() for <class 'torch.nn.modules.conv.Conv2d'>.
[INFO] Register count_normalization() for <class 'torch.nn.modules.batchnorm.BatchNorm2d'>.
[INFO] Register zero_ops() for <class 'torch.nn.modules.container.Sequential'>.
[INFO] Register zero_ops() for <class 'torch.nn.modules.activation.ReLU'>.
[INFO] Register zero_ops() for <class 'torch.nn.modules.pooling.MaxPool2d'>.
[INFO] Register count_adap_avgpool() for <class 'torch.nn.modules.pooling.AdaptiveAvgPool2d'>.
[INFO] Register count_linear() for <class 'torch.nn.modules.linear.Linear'>.
[INFO] Register count_normalization() for <class 'torch.nn.modules.batchnorm.BatchNorm1d'>.
[INFO] Register count_softmax() for <class 'torch.nn.modules.activation.Softmax'>.
[INFO] Register count_avgpool() for <class 'torch.nn.modules.pooling.AvgPool2d'>.
[INFO] Register count_upsample() for <class 'torch.nn.modules.upsampling.Upsample'>.
FLOPs: 0.10317568 billion
Parameters: 0.178598 million
Latency: 37.12 ms
MACs: 0.05158784 billion
DEBUG OBJECTIVES: -9.67220116998453 0.10317568 -849.4664916992188
[INFO] Register count_convNd() for <class 'torch.nn.modules.conv.Conv2d'>.
[INFO] Register count_normalization() for <class 'torch.nn.modules.batchnorm.BatchNorm2d'>.
[INFO] Register zero_ops() for <class 'torch.nn.modules.container.Sequential'>.
[INFO] Register zero_ops() for <class 'torch.nn.modules.activation.ReLU'>.
[INFO] Register zero_ops() for <class 'torch.nn.modules.pooling.MaxPool2d'>.
[INFO] Register count_avgpool() for <class 'torch.nn.modules.pooling.AvgPool2d'>.
[INFO] Register count_adap_avgpool() for <class 'torch.nn.modules.pooling.AdaptiveAvgPool2d'>.
[INFO] Register count_linear() for <class 'torch.nn.modules.linear.Linear'>.
[INFO] Register count_normalization() for <class 'torch.nn.modules.batchnorm.BatchNorm1d'>.
[INFO] Register count_upsample() for <class 'torch.nn.modules.upsampling.Upsample'>.
FLOPs: 0.144289088 billion
Parameters: 0.250932 million
Latency: 37.66 ms
MACs: 0.072144544 billion
DEBUG OBJECTIVES: -6.148277195114108 0.144289088 -716.6484985351562
[INFO] Register count_convNd() for <class 'torch.nn.modules.conv.Conv2d'>.
[INFO] Register count_normalization() for <class 'torch.nn.modules.batchnorm.BatchNorm2d'>.
[INFO] Register zero_ops() for <class 'torch.nn.modules.container.Sequential'>.
[INFO] Register zero_ops() for <class 'torch.nn.modules.activation.ReLU'>.
[INFO] Register count_avgpool() for <class 'torch.nn.modules.pooling.AvgPool2d'>.
[INFO] Register count_upsample() for <class 'torch.nn.modules.upsampling.Upsample'>.
[INFO] Register zero_ops() for <class 'torch.nn.modules.pooling.MaxPool2d'>.
[INFO] Register count_softmax() for <class 'torch.nn.modules.activation.Softmax'>.
[INFO] Register count_adap_avgpool() for <class 'torch.nn.modules.pooling.AdaptiveAvgPool2d'>.
[INFO] Register count_linear() for <class 'torch.nn.modules.linear.Linear'>.
FLOPs: 0.16261088 billion
Parameters: 0.3412 million
Latency: 23.19 ms
MACs: 0.08130544 billion
DEBUG OBJECTIVES: -6.9457741874527805 0.16261088 -538.1404418945312
[INFO] Register count_convNd() for <class 'torch.nn.modules.conv.Conv2d'>.
[INFO] Register count_normalization() for <class 'torch.nn.modules.batchnorm.BatchNorm2d'>.
[INFO] Register zero_ops() for <class 'torch.nn.modules.container.Sequential'>.
[INFO] Register zero_ops() for <class 'torch.nn.modules.activation.ReLU'>.
[INFO] Register count_avgpool() for <class 'torch.nn.modules.pooling.AvgPool2d'>.
[INFO] Register count_linear() for <class 'torch.nn.modules.linear.Linear'>.
[INFO] Register count_normalization() for <class 'torch.nn.modules.batchnorm.BatchNorm1d'>.
[INFO] Register count_softmax() for <class 'torch.nn.modules.activation.Softmax'>.
[INFO] Register count_adap_avgpool() for <class 'torch.nn.modules.pooling.AdaptiveAvgPool2d'>.
FLOPs: 0.082807744 billion
Parameters: 0.128752 million
Latency: 33.37 ms
MACs: 0.041403872 billion
DEBUG OBJECTIVES: -4.4160797243875445 0.082807744 -809.2216796875
[INFO] Register count_convNd() for <class 'torch.nn.modules.conv.Conv2d'>.
[INFO] Register count_normalization() for <class 'torch.nn.modules.batchnorm.BatchNorm2d'>.
[INFO] Register zero_ops() for <class 'torch.nn.modules.container.Sequential'>.
[INFO] Register zero_ops() for <class 'torch.nn.modules.activation.ReLU'>.
[INFO] Register count_avgpool() for <class 'torch.nn.modules.pooling.AvgPool2d'>.
[INFO] Register count_upsample() for <class 'torch.nn.modules.upsampling.Upsample'>.
[INFO] Register zero_ops() for <class 'torch.nn.modules.pooling.MaxPool2d'>.
[INFO] Register count_softmax() for <class 'torch.nn.modules.activation.Softmax'>.
[INFO] Register count_adap_avgpool() for <class 'torch.nn.modules.pooling.AdaptiveAvgPool2d'>.
[INFO] Register count_linear() for <class 'torch.nn.modules.linear.Linear'>.
[INFO] Register count_normalization() for <class 'torch.nn.modules.batchnorm.BatchNorm1d'>.
FLOPs: 0.221686832 billion
Parameters: 0.374401 million
Latency: 68.34 ms
MACs: 0.110843416 billion
DEBUG OBJECTIVES: -11.855330108405324 0.221686832 -1591.107177734375
[INFO] Register count_convNd() for <class 'torch.nn.modules.conv.Conv2d'>.
[INFO] Register count_normalization() for <class 'torch.nn.modules.batchnorm.BatchNorm2d'>.
[INFO] Register zero_ops() for <class 'torch.nn.modules.container.Sequential'>.
[INFO] Register zero_ops() for <class 'torch.nn.modules.activation.ReLU'>.
[INFO] Register count_avgpool() for <class 'torch.nn.modules.pooling.AvgPool2d'>.
[INFO] Register count_upsample() for <class 'torch.nn.modules.upsampling.Upsample'>.
[INFO] Register zero_ops() for <class 'torch.nn.modules.pooling.MaxPool2d'>.
[INFO] Register count_softmax() for <class 'torch.nn.modules.activation.Softmax'>.
[INFO] Register count_adap_avgpool() for <class 'torch.nn.modules.pooling.AdaptiveAvgPool2d'>.
[INFO] Register count_linear() for <class 'torch.nn.modules.linear.Linear'>.
[INFO] Register count_normalization() for <class 'torch.nn.modules.batchnorm.BatchNorm1d'>.
FLOPs: 0.281432144 billion
Parameters: 0.545857 million
Latency: 73.57 ms
MACs: 0.140716072 billion
DEBUG OBJECTIVES: -14.107635993590193 0.281432144 -1728.544189453125
[INFO] Register count_convNd() for <class 'torch.nn.modules.conv.Conv2d'>.
[INFO] Register count_normalization() for <class 'torch.nn.modules.batchnorm.BatchNorm2d'>.
[INFO] Register zero_ops() for <class 'torch.nn.modules.container.Sequential'>.
[INFO] Register zero_ops() for <class 'torch.nn.modules.activation.ReLU'>.
[INFO] Register count_avgpool() for <class 'torch.nn.modules.pooling.AvgPool2d'>.
[INFO] Register count_upsample() for <class 'torch.nn.modules.upsampling.Upsample'>.
[INFO] Register count_linear() for <class 'torch.nn.modules.linear.Linear'>.
[INFO] Register count_normalization() for <class 'torch.nn.modules.batchnorm.BatchNorm1d'>.
[INFO] Register count_adap_avgpool() for <class 'torch.nn.modules.pooling.AdaptiveAvgPool2d'>.
[INFO] Register count_softmax() for <class 'torch.nn.modules.activation.Softmax'>.
FLOPs: 0.12929856 billion
Parameters: 0.233042 million
Latency: 31.60 ms
MACs: 0.06464928 billion
DEBUG OBJECTIVES: -6.002610732633103 0.12929856 -799.1690063476562
[INFO] Register count_convNd() for <class 'torch.nn.modules.conv.Conv2d'>.
[INFO] Register count_normalization() for <class 'torch.nn.modules.batchnorm.BatchNorm2d'>.
[INFO] Register zero_ops() for <class 'torch.nn.modules.container.Sequential'>.
[INFO] Register zero_ops() for <class 'torch.nn.modules.activation.ReLU'>.
[INFO] Register count_avgpool() for <class 'torch.nn.modules.pooling.AvgPool2d'>.
[INFO] Register count_upsample() for <class 'torch.nn.modules.upsampling.Upsample'>.
[INFO] Register count_softmax() for <class 'torch.nn.modules.activation.Softmax'>.
[INFO] Register count_linear() for <class 'torch.nn.modules.linear.Linear'>.
[INFO] Register count_adap_avgpool() for <class 'torch.nn.modules.pooling.AdaptiveAvgPool2d'>.
[INFO] Register count_normalization() for <class 'torch.nn.modules.batchnorm.BatchNorm1d'>.
FLOPs: 0.173943088 billion
Parameters: 0.208135 million
Latency: 43.70 ms
MACs: 0.086971544 billion
DEBUG OBJECTIVES: -8.694368658410214 0.173943088 -941.2306518554688
[INFO] Register count_convNd() for <class 'torch.nn.modules.conv.Conv2d'>.
[INFO] Register count_normalization() for <class 'torch.nn.modules.batchnorm.BatchNorm2d'>.
[INFO] Register zero_ops() for <class 'torch.nn.modules.container.Sequential'>.
[INFO] Register zero_ops() for <class 'torch.nn.modules.activation.ReLU'>.
[INFO] Register count_avgpool() for <class 'torch.nn.modules.pooling.AvgPool2d'>.
[INFO] Register count_upsample() for <class 'torch.nn.modules.upsampling.Upsample'>.
[INFO] Register zero_ops() for <class 'torch.nn.modules.pooling.MaxPool2d'>.
[INFO] Register count_adap_avgpool() for <class 'torch.nn.modules.pooling.AdaptiveAvgPool2d'>.
[INFO] Register count_linear() for <class 'torch.nn.modules.linear.Linear'>.
[INFO] Register count_normalization() for <class 'torch.nn.modules.batchnorm.BatchNorm1d'>.
[INFO] Register count_softmax() for <class 'torch.nn.modules.activation.Softmax'>.
FLOPs: 0.237956896 billion
Parameters: 0.497795 million
Latency: 49.86 ms
MACs: 0.118978448 billion
DEBUG OBJECTIVES: -14.556931129616826 0.237956896 -1337.4959716796875
[INFO] Register count_convNd() for <class 'torch.nn.modules.conv.Conv2d'>.
[INFO] Register count_normalization() for <class 'torch.nn.modules.batchnorm.BatchNorm2d'>.
[INFO] Register zero_ops() for <class 'torch.nn.modules.container.Sequential'>.
[INFO] Register zero_ops() for <class 'torch.nn.modules.activation.ReLU'>.
[INFO] Register count_avgpool() for <class 'torch.nn.modules.pooling.AvgPool2d'>.
[INFO] Register count_upsample() for <class 'torch.nn.modules.upsampling.Upsample'>.
[INFO] Register count_linear() for <class 'torch.nn.modules.linear.Linear'>.
[INFO] Register count_normalization() for <class 'torch.nn.modules.batchnorm.BatchNorm1d'>.
[INFO] Register count_softmax() for <class 'torch.nn.modules.activation.Softmax'>.
[INFO] Register count_adap_avgpool() for <class 'torch.nn.modules.pooling.AdaptiveAvgPool2d'>.
FLOPs: 0.235146496 billion
Parameters: 0.470562 million
Latency: 41.80 ms
MACs: 0.117573248 billion
DEBUG OBJECTIVES: -10.658000726382063 0.235146496 -1148.8558349609375
==========================================================
n_gen  |  n_eval  | n_nds  |      eps      |   indicator  
==========================================================
     1 |       10 |      6 |             - |             -
[INFO] Register count_convNd() for <class 'torch.nn.modules.conv.Conv2d'>.
[INFO] Register count_normalization() for <class 'torch.nn.modules.batchnorm.BatchNorm2d'>.
[INFO] Register zero_ops() for <class 'torch.nn.modules.container.Sequential'>.
[INFO] Register zero_ops() for <class 'torch.nn.modules.activation.ReLU'>.
[INFO] Register count_avgpool() for <class 'torch.nn.modules.pooling.AvgPool2d'>.
[INFO] Register count_upsample() for <class 'torch.nn.modules.upsampling.Upsample'>.
[INFO] Register zero_ops() for <class 'torch.nn.modules.pooling.MaxPool2d'>.
[INFO] Register count_softmax() for <class 'torch.nn.modules.activation.Softmax'>.
[INFO] Register count_adap_avgpool() for <class 'torch.nn.modules.pooling.AdaptiveAvgPool2d'>.
[INFO] Register count_linear() for <class 'torch.nn.modules.linear.Linear'>.
[INFO] Register count_normalization() for <class 'torch.nn.modules.batchnorm.BatchNorm1d'>.
FLOPs: 0.256259792 billion
Parameters: 0.450299 million
Latency: 65.67 ms
MACs: 0.128129896 billion
DEBUG OBJECTIVES: -13.313210908644695 0.256259792 -1551.2781982421875
[INFO] Register count_convNd() for <class 'torch.nn.modules.conv.Conv2d'>.
[INFO] Register count_normalization() for <class 'torch.nn.modules.batchnorm.BatchNorm2d'>.
[INFO] Register zero_ops() for <class 'torch.nn.modules.container.Sequential'>.
[INFO] Register zero_ops() for <class 'torch.nn.modules.activation.ReLU'>.
[INFO] Register zero_ops() for <class 'torch.nn.modules.pooling.MaxPool2d'>.
[INFO] Register count_softmax() for <class 'torch.nn.modules.activation.Softmax'>.
[INFO] Register count_adap_avgpool() for <class 'torch.nn.modules.pooling.AdaptiveAvgPool2d'>.
[INFO] Register count_linear() for <class 'torch.nn.modules.linear.Linear'>.
[INFO] Register count_normalization() for <class 'torch.nn.modules.batchnorm.BatchNorm1d'>.
[INFO] Register count_avgpool() for <class 'torch.nn.modules.pooling.AvgPool2d'>.
[INFO] Register count_upsample() for <class 'torch.nn.modules.upsampling.Upsample'>.
FLOPs: 0.23269184 billion
Parameters: 0.446962 million
Latency: 74.59 ms
MACs: 0.11634592 billion
DEBUG OBJECTIVES: -13.519708971852396 0.23269184 -1343.582275390625
[INFO] Register count_convNd() for <class 'torch.nn.modules.conv.Conv2d'>.
[INFO] Register count_normalization() for <class 'torch.nn.modules.batchnorm.BatchNorm2d'>.
[INFO] Register zero_ops() for <class 'torch.nn.modules.container.Sequential'>.
[INFO] Register zero_ops() for <class 'torch.nn.modules.activation.ReLU'>.
[INFO] Register count_avgpool() for <class 'torch.nn.modules.pooling.AvgPool2d'>.
[INFO] Register count_upsample() for <class 'torch.nn.modules.upsampling.Upsample'>.
[INFO] Register zero_ops() for <class 'torch.nn.modules.pooling.MaxPool2d'>.
[INFO] Register count_adap_avgpool() for <class 'torch.nn.modules.pooling.AdaptiveAvgPool2d'>.
[INFO] Register count_linear() for <class 'torch.nn.modules.linear.Linear'>.
[INFO] Register count_normalization() for <class 'torch.nn.modules.batchnorm.BatchNorm1d'>.
[INFO] Register count_softmax() for <class 'torch.nn.modules.activation.Softmax'>.
FLOPs: 0.27442704 billion
Parameters: 0.593809 million
Latency: 63.40 ms
MACs: 0.13721352 billion
DEBUG OBJECTIVES: -11.6629577602492 0.27442704 -1384.1600341796875
[INFO] Register count_convNd() for <class 'torch.nn.modules.conv.Conv2d'>.
[INFO] Register count_normalization() for <class 'torch.nn.modules.batchnorm.BatchNorm2d'>.
[INFO] Register zero_ops() for <class 'torch.nn.modules.container.Sequential'>.
[INFO] Register zero_ops() for <class 'torch.nn.modules.activation.ReLU'>.
[INFO] Register count_avgpool() for <class 'torch.nn.modules.pooling.AvgPool2d'>.
[INFO] Register count_upsample() for <class 'torch.nn.modules.upsampling.Upsample'>.
[INFO] Register zero_ops() for <class 'torch.nn.modules.pooling.MaxPool2d'>.
[INFO] Register count_adap_avgpool() for <class 'torch.nn.modules.pooling.AdaptiveAvgPool2d'>.
[INFO] Register count_linear() for <class 'torch.nn.modules.linear.Linear'>.
[INFO] Register count_normalization() for <class 'torch.nn.modules.batchnorm.BatchNorm1d'>.
[INFO] Register count_softmax() for <class 'torch.nn.modules.activation.Softmax'>.
FLOPs: 0.201090176 billion
Parameters: 0.416585 million
Latency: 46.10 ms
MACs: 0.100545088 billion
DEBUG OBJECTIVES: -11.801241782656897 0.201090176 -1341.037109375
[INFO] Register count_convNd() for <class 'torch.nn.modules.conv.Conv2d'>.
[INFO] Register count_normalization() for <class 'torch.nn.modules.batchnorm.BatchNorm2d'>.
[INFO] Register zero_ops() for <class 'torch.nn.modules.container.Sequential'>.
[INFO] Register zero_ops() for <class 'torch.nn.modules.activation.ReLU'>.
[INFO] Register count_avgpool() for <class 'torch.nn.modules.pooling.AvgPool2d'>.
[INFO] Register count_upsample() for <class 'torch.nn.modules.upsampling.Upsample'>.
[INFO] Register count_linear() for <class 'torch.nn.modules.linear.Linear'>.
[INFO] Register count_softmax() for <class 'torch.nn.modules.activation.Softmax'>.
[INFO] Register count_adap_avgpool() for <class 'torch.nn.modules.pooling.AdaptiveAvgPool2d'>.
[INFO] Register count_normalization() for <class 'torch.nn.modules.batchnorm.BatchNorm1d'>.
FLOPs: 0.17614784 billion
Parameters: 0.360462 million
Latency: 34.30 ms
MACs: 0.08807392 billion
DEBUG OBJECTIVES: -6.935272967013297 0.17614784 -780.6104125976562
[INFO] Register count_convNd() for <class 'torch.nn.modules.conv.Conv2d'>.
[INFO] Register count_normalization() for <class 'torch.nn.modules.batchnorm.BatchNorm2d'>.
[INFO] Register zero_ops() for <class 'torch.nn.modules.container.Sequential'>.
[INFO] Register zero_ops() for <class 'torch.nn.modules.activation.ReLU'>.
[INFO] Register count_avgpool() for <class 'torch.nn.modules.pooling.AvgPool2d'>.
[INFO] Register count_upsample() for <class 'torch.nn.modules.upsampling.Upsample'>.
[INFO] Register zero_ops() for <class 'torch.nn.modules.pooling.MaxPool2d'>.
[INFO] Register count_softmax() for <class 'torch.nn.modules.activation.Softmax'>.
[INFO] Register count_adap_avgpool() for <class 'torch.nn.modules.pooling.AdaptiveAvgPool2d'>.
[INFO] Register count_linear() for <class 'torch.nn.modules.linear.Linear'>.
[INFO] Register count_normalization() for <class 'torch.nn.modules.batchnorm.BatchNorm1d'>.
FLOPs: 0.245011152 billion
Parameters: 0.449843 million
Latency: 68.68 ms
MACs: 0.122505576 billion
DEBUG OBJECTIVES: -11.606964528158695 0.245011152 -1676.8699951171875
[INFO] Register count_convNd() for <class 'torch.nn.modules.conv.Conv2d'>.
[INFO] Register count_normalization() for <class 'torch.nn.modules.batchnorm.BatchNorm2d'>.
[INFO] Register zero_ops() for <class 'torch.nn.modules.container.Sequential'>.
[INFO] Register zero_ops() for <class 'torch.nn.modules.activation.ReLU'>.
[INFO] Register count_avgpool() for <class 'torch.nn.modules.pooling.AvgPool2d'>.
[INFO] Register count_upsample() for <class 'torch.nn.modules.upsampling.Upsample'>.
[INFO] Register zero_ops() for <class 'torch.nn.modules.pooling.MaxPool2d'>.
[INFO] Register count_softmax() for <class 'torch.nn.modules.activation.Softmax'>.
[INFO] Register count_adap_avgpool() for <class 'torch.nn.modules.pooling.AdaptiveAvgPool2d'>.
[INFO] Register count_linear() for <class 'torch.nn.modules.linear.Linear'>.
[INFO] Register count_normalization() for <class 'torch.nn.modules.batchnorm.BatchNorm1d'>.
FLOPs: 0.221686832 billion
Parameters: 0.374401 million
Latency: 61.31 ms
MACs: 0.110843416 billion
DEBUG OBJECTIVES: -14.607172335398184 0.221686832 -1587.5997314453125
[INFO] Register count_convNd() for <class 'torch.nn.modules.conv.Conv2d'>.
[INFO] Register count_normalization() for <class 'torch.nn.modules.batchnorm.BatchNorm2d'>.
[INFO] Register zero_ops() for <class 'torch.nn.modules.container.Sequential'>.
[INFO] Register zero_ops() for <class 'torch.nn.modules.activation.ReLU'>.
[INFO] Register count_avgpool() for <class 'torch.nn.modules.pooling.AvgPool2d'>.
[INFO] Register count_upsample() for <class 'torch.nn.modules.upsampling.Upsample'>.
[INFO] Register zero_ops() for <class 'torch.nn.modules.pooling.MaxPool2d'>.
[INFO] Register count_linear() for <class 'torch.nn.modules.linear.Linear'>.
[INFO] Register count_softmax() for <class 'torch.nn.modules.activation.Softmax'>.
[INFO] Register count_adap_avgpool() for <class 'torch.nn.modules.pooling.AdaptiveAvgPool2d'>.
FLOPs: 0.157860032 billion
Parameters: 0.334142 million
Latency: 21.41 ms
MACs: 0.078930016 billion
DEBUG OBJECTIVES: -7.497310342156545 0.157860032 -300.53045654296875
[INFO] Register count_convNd() for <class 'torch.nn.modules.conv.Conv2d'>.
[INFO] Register count_normalization() for <class 'torch.nn.modules.batchnorm.BatchNorm2d'>.
[INFO] Register zero_ops() for <class 'torch.nn.modules.container.Sequential'>.
[INFO] Register zero_ops() for <class 'torch.nn.modules.activation.ReLU'>.
[INFO] Register count_avgpool() for <class 'torch.nn.modules.pooling.AvgPool2d'>.
[INFO] Register count_linear() for <class 'torch.nn.modules.linear.Linear'>.
[INFO] Register count_normalization() for <class 'torch.nn.modules.batchnorm.BatchNorm1d'>.
[INFO] Register count_softmax() for <class 'torch.nn.modules.activation.Softmax'>.
[INFO] Register count_adap_avgpool() for <class 'torch.nn.modules.pooling.AdaptiveAvgPool2d'>.
FLOPs: 0.075926464 billion
Parameters: 0.128752 million
Latency: 30.01 ms
MACs: 0.037963232 billion
DEBUG OBJECTIVES: -6.471253279676475 0.075926464 -825.1574096679688
[INFO] Register count_convNd() for <class 'torch.nn.modules.conv.Conv2d'>.
[INFO] Register count_normalization() for <class 'torch.nn.modules.batchnorm.BatchNorm2d'>.
[INFO] Register zero_ops() for <class 'torch.nn.modules.container.Sequential'>.
[INFO] Register zero_ops() for <class 'torch.nn.modules.activation.ReLU'>.
[INFO] Register zero_ops() for <class 'torch.nn.modules.pooling.MaxPool2d'>.
[INFO] Register count_linear() for <class 'torch.nn.modules.linear.Linear'>.
[INFO] Register count_normalization() for <class 'torch.nn.modules.batchnorm.BatchNorm1d'>.
[INFO] Register count_softmax() for <class 'torch.nn.modules.activation.Softmax'>.
[INFO] Register count_avgpool() for <class 'torch.nn.modules.pooling.AvgPool2d'>.
[INFO] Register count_upsample() for <class 'torch.nn.modules.upsampling.Upsample'>.
[INFO] Register count_adap_avgpool() for <class 'torch.nn.modules.pooling.AdaptiveAvgPool2d'>.
FLOPs: 0.10109816 billion
Parameters: 0.169241 million
Latency: 37.98 ms
MACs: 0.05054908 billion
DEBUG OBJECTIVES: -9.53183167785695 0.10109816 -855.6407470703125
     2 |       20 |      9 |  0.0334846219 |         ideal

NSGA-II Pareto objective values:
[[-9.67220117e+00  1.03175680e-01 -8.49466492e+02]
 [-1.18553301e+01  2.21686832e-01 -1.59110718e+03]
 [-1.41076360e+01  2.81432144e-01 -1.72854419e+03]
 [-8.69436866e+00  1.73943088e-01 -9.41230652e+02]
 [-1.18012418e+01  2.01090176e-01 -1.34103711e+03]
 [-1.16069645e+01  2.45011152e-01 -1.67687000e+03]
 [-1.46071723e+01  2.21686832e-01 -1.58759973e+03]
 [-6.47125328e+00  7.59264640e-02 -8.25157410e+02]
 [-9.53183168e+00  1.01098160e-01 -8.55640747e+02]]

Selected two architectures from Pareto front:

SELECTED ARCHITECTURE #1
proxy_name: synflow
SynFlow: 404736466113444.4
log10(SynFlow): 14.607172335398184
ZiCO: 1587.5997314453125
FLOPs: 0.221687 B
Params: 0.374401 M
MACs: 0.110843 B
Latency: 61.3079 ms
proxy_norm: 1.0000
zico_norm: 0.8440
flops_norm: 0.2907
balanced_distance: 0.7262
balanced_score: 0.7116
individual: [0.7277153036557827, 0, 4, 0.8987376939784888, 0, 5, 0.013812057245841045, 1, 1, 0.610610573431641, 1, 5, 0.9406743580546089, 1, 3, 0.9064502862686118, 2, 3, 0.3861076369998338, 0, 2, 0.5982673780907735, 3, 3, 0.9169196124393891, 0, 5, 0.3909268567943193, 0, 5, 0.17221611001365972, 0, 0, 0.13372836646626401, 1, 3, 0.021309557221456, 0, 5, 0.8188443164590251, 2, 0, 0.1744342930193047, 0, 1, 0.1296868763628077, 0, 4, 5]
decoded_cell: Genotype(normal=[('octave_conv_5x5', 0, 'GE_theta-plus'), ('mbconv_k5_t1', 0, 'DoubleAttention'), ('max_pool_3x3', 1, 'SE'), ('inv_res_5x5', 1, 'DoubleAttention'), ('mbconv_k3_t1', 1, 'CBAM'), ('mbconv_k5_t1', 2, 'CBAM'), ('dil_conv_5x5', 0, 'BAM'), ('inv_res_5x5', 3, 'CBAM')], normal_concat=[2, 3, 4, 5], reduce=[('mbconv_k5_t1', 0, 'DoubleAttention'), ('dil_conv_5x5', 0, 'DoubleAttention'), ('skip_connect', 0, 'Identity'), ('skip_connect', 1, 'CBAM'), ('max_pool_3x3', 0, 'DoubleAttention'), ('mbconv_k7_t1', 2, 'Identity'), ('skip_connect', 0, 'SE'), ('skip_connect', 0, 'GE_theta-plus')], reduce_concat=[2, 3, 4, 5], normal_bottleneck='', reduce_bottleneck='')

SELECTED ARCHITECTURE #2
proxy_name: synflow
SynFlow: 716687959678.24
log10(SynFlow): 11.855330108405324
ZiCO: 1591.107177734375
FLOPs: 0.221687 B
Params: 0.374401 M
MACs: 0.110843 B
Latency: 68.3367 ms
proxy_norm: 0.6618
zico_norm: 0.8479
flops_norm: 0.2907
balanced_distance: 0.8004
balanced_score: 0.6001
individual: [0.7277153036557827, 0, 4, 0.8987376939784888, 0, 5, 0.013812057245841045, 0, 1, 0.610610573431641, 1, 5, 0.9406743580546089, 1, 3, 0.9064502862686118, 1, 3, 0.3861076369998338, 0, 2, 0.5982673780907735, 3, 3, 0.9169196124393891, 0, 5, 0.3909268567943193, 0, 5, 0.17221611001365972, 1, 0, 0.13372836646626401, 0, 3, 0.021309557221456, 0, 5, 0.8188443164590251, 2, 0, 0.1744342930193047, 1, 1, 0.1296868763628077, 0, 4, 5]
decoded_cell: Genotype(normal=[('octave_conv_5x5', 0, 'GE_theta-plus'), ('mbconv_k5_t1', 0, 'DoubleAttention'), ('max_pool_3x3', 0, 'SE'), ('inv_res_5x5', 1, 'DoubleAttention'), ('mbconv_k3_t1', 1, 'CBAM'), ('mbconv_k5_t1', 1, 'CBAM'), ('dil_conv_5x5', 0, 'BAM'), ('inv_res_5x5', 3, 'CBAM')], normal_concat=[2, 3, 4, 5], reduce=[('mbconv_k5_t1', 0, 'DoubleAttention'), ('dil_conv_5x5', 0, 'DoubleAttention'), ('skip_connect', 1, 'Identity'), ('skip_connect', 0, 'CBAM'), ('max_pool_3x3', 0, 'DoubleAttention'), ('mbconv_k7_t1', 2, 'Identity'), ('skip_connect', 1, 'SE'), ('skip_connect', 0, 'GE_theta-plus')], reduce_concat=[2, 3, 4, 5], normal_bottleneck='', reduce_bottleneck='')

Saved selected architectures to: nsga2_selected_two_architectures.json
Saved Pareto plot to: nsga2_pareto_front.png

================================================================================
Training NSGA-II selected architecture #1
================================================================================
Selected architecture search metrics:
SynFlow: 404736466113444.4
log10(SynFlow): 14.607172335398184
ZiCO: 1587.5997314453125
FLOPs_B: 0.221686832
Params_M: 0.374401
Balanced distance: 0.7262333298074128
Balanced score: 0.711568521775311
Compose(
    RandomApply(
    p=0.5
    RandomVerticalFlip(p=0.5)
)
    RandomApply(
    p=0.5
    RandomErasing(p=0.5, scale=(0.02, 0.33), ratio=(0.3, 3.3), value=0, inplace=False)
)
)
Traceback (most recent call last):
  File "/Users/nisha/Library/Mobile Documents/com~apple~CloudDocs/Documents/VScode/medical ENAS/evo_nas_med_2d_3d/Evolutionary_Zero_Cost_Medical_Classification2D/evo_nas_med_2d_3d/Evolutionary_Zero_Cost_Medical_Classification2D/main_args.py", line 126, in <module>
    ga.train_selected_nsga2_architectures_with_da(
  File "/Users/nisha/Library/Mobile Documents/com~apple~CloudDocs/Documents/VScode/medical ENAS/evo_nas_med_2d_3d/Evolutionary_Zero_Cost_Medical_Classification2D/evo_nas_med_2d_3d/Evolutionary_Zero_Cost_Medical_Classification2D/so_ga.py", line 657, in train_selected_nsga2_architectures_with_da
    best_da_policy = self.evaluator.auto_search_daapolicy(
  File "/Users/nisha/Library/Mobile Documents/com~apple~CloudDocs/Documents/VScode/medical ENAS/evo_nas_med_2d_3d/Evolutionary_Zero_Cost_Medical_Classification2D/evo_nas_med_2d_3d/Evolutionary_Zero_Cost_Medical_Classification2D/evaluate.py", line 168, in auto_search_daapolicy
    best_combination = self.genetic_algorithm(model, epochs, hash_indv, grad_clip, evaluation, data_flag, output_root, num_epochs, gpu_ids,
  File "/Users/nisha/Library/Mobile Documents/com~apple~CloudDocs/Documents/VScode/medical ENAS/evo_nas_med_2d_3d/Evolutionary_Zero_Cost_Medical_Classification2D/evo_nas_med_2d_3d/Evolutionary_Zero_Cost_Medical_Classification2D/evaluate.py", line 122, in genetic_algorithm
    fitness_aug  = [self.fitness_function(candidate, model, epochs, hash_indv, grad_clip, evaluation, data_flag, output_root, num_epochs, gpu_ids,
  File "/Users/nisha/Library/Mobile Documents/com~apple~CloudDocs/Documents/VScode/medical ENAS/evo_nas_med_2d_3d/Evolutionary_Zero_Cost_Medical_Classification2D/evo_nas_med_2d_3d/Evolutionary_Zero_Cost_Medical_Classification2D/evaluate.py", line 122, in <listcomp>
    fitness_aug  = [self.fitness_function(candidate, model, epochs, hash_indv, grad_clip, evaluation, data_flag, output_root, num_epochs, gpu_ids,
  File "/Users/nisha/Library/Mobile Documents/com~apple~CloudDocs/Documents/VScode/medical ENAS/evo_nas_med_2d_3d/Evolutionary_Zero_Cost_Medical_Classification2D/evo_nas_med_2d_3d/Evolutionary_Zero_Cost_Medical_Classification2D/evaluate.py", line 111, in fitness_function
    return self.evaluate_architecture(candidate,candidate, model, epochs, hash_indv, grad_clip, evaluation, data_flag, output_root, num_epochs, gpu_ids,
  File "/Users/nisha/Library/Mobile Documents/com~apple~CloudDocs/Documents/VScode/medical ENAS/evo_nas_med_2d_3d/Evolutionary_Zero_Cost_Medical_Classification2D/evo_nas_med_2d_3d/Evolutionary_Zero_Cost_Medical_Classification2D/evaluate.py", line 103, in evaluate_architecture
    fitn = self.train(composed_transform,model, epochs, hash_indv, grad_clip, evaluation, data_flag, output_root, num_epochs, gpu_ids,
  File "/Users/nisha/Library/Mobile Documents/com~apple~CloudDocs/Documents/VScode/medical ENAS/evo_nas_med_2d_3d/Evolutionary_Zero_Cost_Medical_Classification2D/evo_nas_med_2d_3d/Evolutionary_Zero_Cost_Medical_Classification2D/evaluate.py", line 646, in train
    id = int(str_id)
ValueError: invalid literal for int() with base 10: ''
