The ``converters`` are currently experimental. It may not support operations including (but not limited to) Functions in ``torch.nn.functional`` that involved data dimension

Compiled modules for significant speedup can not be used!
https://pymoo.org/installation.html#installation

To disable this warning:
from pymoo.config import Config
Config.warnings['not_compiled'] = False

[INFO] Register count_convNd() for <class 'torch.nn.modules.conv.Conv2d'>.
[INFO] Register count_normalization() for <class 'torch.nn.modules.batchnorm.BatchNorm2d'>.
[INFO] Register zero_ops() for <class 'torch.nn.modules.container.Sequential'>.
[INFO] Register zero_ops() for <class 'torch.nn.modules.activation.ReLU'>.
[INFO] Register zero_ops() for <class 'torch.nn.modules.pooling.MaxPool2d'>.
[INFO] Register count_adap_avgpool() for <class 'torch.nn.modules.pooling.AdaptiveAvgPool2d'>.
[INFO] Register count_linear() for <class 'torch.nn.modules.linear.Linear'>.
[INFO] Register count_normalization() for <class 'torch.nn.modules.batchnorm.BatchNorm1d'>.
[INFO] Register count_softmax() for <class 'torch.nn.modules.activation.Softmax'>.
[INFO] Register count_avgpool() for <class 'torch.nn.modules.pooling.AvgPool2d'>.
[INFO] Register count_upsample() for <class 'torch.nn.modules.upsampling.Upsample'>.
FLOPs: 0.10317568 billion
Parameters: 0.178598 million
Latency: 49.92 ms
MACs: 0.05158784 billion
DEBUG OBJECTIVES: -7.710525935798406 0.10317568 -862.1378173828125
[INFO] Register count_convNd() for <class 'torch.nn.modules.conv.Conv2d'>.
[INFO] Register count_normalization() for <class 'torch.nn.modules.batchnorm.BatchNorm2d'>.
[INFO] Register zero_ops() for <class 'torch.nn.modules.container.Sequential'>.
[INFO] Register zero_ops() for <class 'torch.nn.modules.activation.ReLU'>.
[INFO] Register zero_ops() for <class 'torch.nn.modules.pooling.MaxPool2d'>.
[INFO] Register count_avgpool() for <class 'torch.nn.modules.pooling.AvgPool2d'>.
[INFO] Register count_adap_avgpool() for <class 'torch.nn.modules.pooling.AdaptiveAvgPool2d'>.
[INFO] Register count_linear() for <class 'torch.nn.modules.linear.Linear'>.
[INFO] Register count_normalization() for <class 'torch.nn.modules.batchnorm.BatchNorm1d'>.
[INFO] Register count_upsample() for <class 'torch.nn.modules.upsampling.Upsample'>.
FLOPs: 0.144289088 billion
Parameters: 0.250932 million
Latency: 50.06 ms
MACs: 0.072144544 billion
DEBUG OBJECTIVES: -6.888537911020172 0.144289088 -725.0789794921875
[INFO] Register count_convNd() for <class 'torch.nn.modules.conv.Conv2d'>.
[INFO] Register count_normalization() for <class 'torch.nn.modules.batchnorm.BatchNorm2d'>.
[INFO] Register zero_ops() for <class 'torch.nn.modules.container.Sequential'>.
[INFO] Register zero_ops() for <class 'torch.nn.modules.activation.ReLU'>.
[INFO] Register count_avgpool() for <class 'torch.nn.modules.pooling.AvgPool2d'>.
[INFO] Register count_upsample() for <class 'torch.nn.modules.upsampling.Upsample'>.
[INFO] Register zero_ops() for <class 'torch.nn.modules.pooling.MaxPool2d'>.
[INFO] Register count_softmax() for <class 'torch.nn.modules.activation.Softmax'>.
[INFO] Register count_adap_avgpool() for <class 'torch.nn.modules.pooling.AdaptiveAvgPool2d'>.
[INFO] Register count_linear() for <class 'torch.nn.modules.linear.Linear'>.
FLOPs: 0.16261088 billion
Parameters: 0.3412 million
Latency: 27.35 ms
MACs: 0.08130544 billion
DEBUG OBJECTIVES: -8.582559216532932 0.16261088 -534.3544311523438
[INFO] Register count_convNd() for <class 'torch.nn.modules.conv.Conv2d'>.
[INFO] Register count_normalization() for <class 'torch.nn.modules.batchnorm.BatchNorm2d'>.
[INFO] Register zero_ops() for <class 'torch.nn.modules.container.Sequential'>.
[INFO] Register zero_ops() for <class 'torch.nn.modules.activation.ReLU'>.
[INFO] Register count_avgpool() for <class 'torch.nn.modules.pooling.AvgPool2d'>.
[INFO] Register count_linear() for <class 'torch.nn.modules.linear.Linear'>.
[INFO] Register count_normalization() for <class 'torch.nn.modules.batchnorm.BatchNorm1d'>.
[INFO] Register count_softmax() for <class 'torch.nn.modules.activation.Softmax'>.
[INFO] Register count_adap_avgpool() for <class 'torch.nn.modules.pooling.AdaptiveAvgPool2d'>.
FLOPs: 0.082807744 billion
Parameters: 0.128752 million
Latency: 37.21 ms
MACs: 0.041403872 billion
DEBUG OBJECTIVES: -7.052448867012963 0.082807744 -806.0313110351562
[INFO] Register count_convNd() for <class 'torch.nn.modules.conv.Conv2d'>.
[INFO] Register count_normalization() for <class 'torch.nn.modules.batchnorm.BatchNorm2d'>.
[INFO] Register zero_ops() for <class 'torch.nn.modules.container.Sequential'>.
[INFO] Register zero_ops() for <class 'torch.nn.modules.activation.ReLU'>.
[INFO] Register count_avgpool() for <class 'torch.nn.modules.pooling.AvgPool2d'>.
[INFO] Register count_upsample() for <class 'torch.nn.modules.upsampling.Upsample'>.
[INFO] Register zero_ops() for <class 'torch.nn.modules.pooling.MaxPool2d'>.
[INFO] Register count_softmax() for <class 'torch.nn.modules.activation.Softmax'>.
[INFO] Register count_adap_avgpool() for <class 'torch.nn.modules.pooling.AdaptiveAvgPool2d'>.
[INFO] Register count_linear() for <class 'torch.nn.modules.linear.Linear'>.
[INFO] Register count_normalization() for <class 'torch.nn.modules.batchnorm.BatchNorm1d'>.
FLOPs: 0.221686832 billion
Parameters: 0.374401 million
Latency: 60.49 ms
MACs: 0.110843416 billion
DEBUG OBJECTIVES: -16.228457994335404 0.221686832 -1573.1927490234375
[INFO] Register count_convNd() for <class 'torch.nn.modules.conv.Conv2d'>.
[INFO] Register count_normalization() for <class 'torch.nn.modules.batchnorm.BatchNorm2d'>.
[INFO] Register zero_ops() for <class 'torch.nn.modules.container.Sequential'>.
[INFO] Register zero_ops() for <class 'torch.nn.modules.activation.ReLU'>.
[INFO] Register count_avgpool() for <class 'torch.nn.modules.pooling.AvgPool2d'>.
[INFO] Register count_upsample() for <class 'torch.nn.modules.upsampling.Upsample'>.
[INFO] Register zero_ops() for <class 'torch.nn.modules.pooling.MaxPool2d'>.
[INFO] Register count_softmax() for <class 'torch.nn.modules.activation.Softmax'>.
[INFO] Register count_adap_avgpool() for <class 'torch.nn.modules.pooling.AdaptiveAvgPool2d'>.
[INFO] Register count_linear() for <class 'torch.nn.modules.linear.Linear'>.
[INFO] Register count_normalization() for <class 'torch.nn.modules.batchnorm.BatchNorm1d'>.
FLOPs: 0.281432144 billion
Parameters: 0.545857 million
Latency: 94.63 ms
MACs: 0.140716072 billion
DEBUG OBJECTIVES: -13.96942960099441 0.281432144 -1715.843017578125
[INFO] Register count_convNd() for <class 'torch.nn.modules.conv.Conv2d'>.
[INFO] Register count_normalization() for <class 'torch.nn.modules.batchnorm.BatchNorm2d'>.
[INFO] Register zero_ops() for <class 'torch.nn.modules.container.Sequential'>.
[INFO] Register zero_ops() for <class 'torch.nn.modules.activation.ReLU'>.
[INFO] Register count_avgpool() for <class 'torch.nn.modules.pooling.AvgPool2d'>.
[INFO] Register count_upsample() for <class 'torch.nn.modules.upsampling.Upsample'>.
[INFO] Register count_linear() for <class 'torch.nn.modules.linear.Linear'>.
[INFO] Register count_normalization() for <class 'torch.nn.modules.batchnorm.BatchNorm1d'>.
[INFO] Register count_adap_avgpool() for <class 'torch.nn.modules.pooling.AdaptiveAvgPool2d'>.
[INFO] Register count_softmax() for <class 'torch.nn.modules.activation.Softmax'>.
FLOPs: 0.12929856 billion
Parameters: 0.233042 million
Latency: 35.01 ms
MACs: 0.06464928 billion
DEBUG OBJECTIVES: -6.92812867154982 0.12929856 -787.2067260742188
[INFO] Register count_convNd() for <class 'torch.nn.modules.conv.Conv2d'>.
[INFO] Register count_normalization() for <class 'torch.nn.modules.batchnorm.BatchNorm2d'>.
[INFO] Register zero_ops() for <class 'torch.nn.modules.container.Sequential'>.
[INFO] Register zero_ops() for <class 'torch.nn.modules.activation.ReLU'>.
[INFO] Register count_avgpool() for <class 'torch.nn.modules.pooling.AvgPool2d'>.
[INFO] Register count_upsample() for <class 'torch.nn.modules.upsampling.Upsample'>.
[INFO] Register count_softmax() for <class 'torch.nn.modules.activation.Softmax'>.
[INFO] Register count_linear() for <class 'torch.nn.modules.linear.Linear'>.
[INFO] Register count_adap_avgpool() for <class 'torch.nn.modules.pooling.AdaptiveAvgPool2d'>.
[INFO] Register count_normalization() for <class 'torch.nn.modules.batchnorm.BatchNorm1d'>.
FLOPs: 0.173943088 billion
Parameters: 0.208135 million
Latency: 61.32 ms
MACs: 0.086971544 billion
DEBUG OBJECTIVES: -8.55475833402299 0.173943088 -957.139892578125
[INFO] Register count_convNd() for <class 'torch.nn.modules.conv.Conv2d'>.
[INFO] Register count_normalization() for <class 'torch.nn.modules.batchnorm.BatchNorm2d'>.
[INFO] Register zero_ops() for <class 'torch.nn.modules.container.Sequential'>.
[INFO] Register zero_ops() for <class 'torch.nn.modules.activation.ReLU'>.
[INFO] Register count_avgpool() for <class 'torch.nn.modules.pooling.AvgPool2d'>.
[INFO] Register count_upsample() for <class 'torch.nn.modules.upsampling.Upsample'>.
[INFO] Register zero_ops() for <class 'torch.nn.modules.pooling.MaxPool2d'>.
[INFO] Register count_adap_avgpool() for <class 'torch.nn.modules.pooling.AdaptiveAvgPool2d'>.
[INFO] Register count_linear() for <class 'torch.nn.modules.linear.Linear'>.
[INFO] Register count_normalization() for <class 'torch.nn.modules.batchnorm.BatchNorm1d'>.
[INFO] Register count_softmax() for <class 'torch.nn.modules.activation.Softmax'>.
FLOPs: 0.237956896 billion
Parameters: 0.497795 million
Latency: 72.21 ms
MACs: 0.118978448 billion
DEBUG OBJECTIVES: -14.528737709982511 0.237956896 -1368.798828125
[INFO] Register count_convNd() for <class 'torch.nn.modules.conv.Conv2d'>.
[INFO] Register count_normalization() for <class 'torch.nn.modules.batchnorm.BatchNorm2d'>.
[INFO] Register zero_ops() for <class 'torch.nn.modules.container.Sequential'>.
[INFO] Register zero_ops() for <class 'torch.nn.modules.activation.ReLU'>.
[INFO] Register count_avgpool() for <class 'torch.nn.modules.pooling.AvgPool2d'>.
[INFO] Register count_upsample() for <class 'torch.nn.modules.upsampling.Upsample'>.
[INFO] Register count_linear() for <class 'torch.nn.modules.linear.Linear'>.
[INFO] Register count_normalization() for <class 'torch.nn.modules.batchnorm.BatchNorm1d'>.
[INFO] Register count_softmax() for <class 'torch.nn.modules.activation.Softmax'>.
[INFO] Register count_adap_avgpool() for <class 'torch.nn.modules.pooling.AdaptiveAvgPool2d'>.
FLOPs: 0.235146496 billion
Parameters: 0.470562 million
Latency: 59.46 ms
MACs: 0.117573248 billion
DEBUG OBJECTIVES: -12.50886175512071 0.235146496 -1168.5462646484375
==========================================================
n_gen  |  n_eval  | n_nds  |      eps      |   indicator  
==========================================================
     1 |       10 |      6 |             - |             -
[INFO] Register count_convNd() for <class 'torch.nn.modules.conv.Conv2d'>.
[INFO] Register count_normalization() for <class 'torch.nn.modules.batchnorm.BatchNorm2d'>.
[INFO] Register zero_ops() for <class 'torch.nn.modules.container.Sequential'>.
[INFO] Register zero_ops() for <class 'torch.nn.modules.activation.ReLU'>.
[INFO] Register count_avgpool() for <class 'torch.nn.modules.pooling.AvgPool2d'>.
[INFO] Register count_upsample() for <class 'torch.nn.modules.upsampling.Upsample'>.
[INFO] Register zero_ops() for <class 'torch.nn.modules.pooling.MaxPool2d'>.
[INFO] Register count_softmax() for <class 'torch.nn.modules.activation.Softmax'>.
[INFO] Register count_linear() for <class 'torch.nn.modules.linear.Linear'>.
[INFO] Register count_adap_avgpool() for <class 'torch.nn.modules.pooling.AdaptiveAvgPool2d'>.
[INFO] Register count_normalization() for <class 'torch.nn.modules.batchnorm.BatchNorm1d'>.
FLOPs: 0.275782176 billion
Parameters: 0.563022 million
Latency: 79.28 ms
MACs: 0.137891088 billion
DEBUG OBJECTIVES: -13.636534768153128 0.275782176 -1628.865478515625
[INFO] Register count_convNd() for <class 'torch.nn.modules.conv.Conv2d'>.
[INFO] Register count_normalization() for <class 'torch.nn.modules.batchnorm.BatchNorm2d'>.
[INFO] Register zero_ops() for <class 'torch.nn.modules.container.Sequential'>.
[INFO] Register zero_ops() for <class 'torch.nn.modules.activation.ReLU'>.
[INFO] Register count_avgpool() for <class 'torch.nn.modules.pooling.AvgPool2d'>.
[INFO] Register count_upsample() for <class 'torch.nn.modules.upsampling.Upsample'>.
[INFO] Register count_linear() for <class 'torch.nn.modules.linear.Linear'>.
[INFO] Register count_normalization() for <class 'torch.nn.modules.batchnorm.BatchNorm1d'>.
[INFO] Register count_adap_avgpool() for <class 'torch.nn.modules.pooling.AdaptiveAvgPool2d'>.
[INFO] Register count_softmax() for <class 'torch.nn.modules.activation.Softmax'>.
FLOPs: 0.12929856 billion
Parameters: 0.233042 million
Latency: 35.72 ms
MACs: 0.06464928 billion
DEBUG OBJECTIVES: -6.8526215632663385 0.12929856 -811.2251586914062
[INFO] Register count_convNd() for <class 'torch.nn.modules.conv.Conv2d'>.
[INFO] Register count_normalization() for <class 'torch.nn.modules.batchnorm.BatchNorm2d'>.
[INFO] Register zero_ops() for <class 'torch.nn.modules.container.Sequential'>.
[INFO] Register zero_ops() for <class 'torch.nn.modules.activation.ReLU'>.
[INFO] Register count_avgpool() for <class 'torch.nn.modules.pooling.AvgPool2d'>.
[INFO] Register count_upsample() for <class 'torch.nn.modules.upsampling.Upsample'>.
[INFO] Register zero_ops() for <class 'torch.nn.modules.pooling.MaxPool2d'>.
[INFO] Register count_adap_avgpool() for <class 'torch.nn.modules.pooling.AdaptiveAvgPool2d'>.
[INFO] Register count_linear() for <class 'torch.nn.modules.linear.Linear'>.
[INFO] Register count_normalization() for <class 'torch.nn.modules.batchnorm.BatchNorm1d'>.
[INFO] Register count_softmax() for <class 'torch.nn.modules.activation.Softmax'>.
FLOPs: 0.168900512 billion
Parameters: 0.336227 million
Latency: 51.65 ms
MACs: 0.084450256 billion
DEBUG OBJECTIVES: -12.039361634216487 0.168900512 -1274.11181640625
[INFO] Register count_convNd() for <class 'torch.nn.modules.conv.Conv2d'>.
[INFO] Register count_normalization() for <class 'torch.nn.modules.batchnorm.BatchNorm2d'>.
[INFO] Register zero_ops() for <class 'torch.nn.modules.container.Sequential'>.
[INFO] Register zero_ops() for <class 'torch.nn.modules.activation.ReLU'>.
[INFO] Register count_avgpool() for <class 'torch.nn.modules.pooling.AvgPool2d'>.
[INFO] Register count_upsample() for <class 'torch.nn.modules.upsampling.Upsample'>.
[INFO] Register zero_ops() for <class 'torch.nn.modules.pooling.MaxPool2d'>.
[INFO] Register count_adap_avgpool() for <class 'torch.nn.modules.pooling.AdaptiveAvgPool2d'>.
[INFO] Register count_linear() for <class 'torch.nn.modules.linear.Linear'>.
[INFO] Register count_normalization() for <class 'torch.nn.modules.batchnorm.BatchNorm1d'>.
[INFO] Register count_softmax() for <class 'torch.nn.modules.activation.Softmax'>.
FLOPs: 0.181772432 billion
Parameters: 0.317229 million
Latency: 51.65 ms
MACs: 0.090886216 billion
DEBUG OBJECTIVES: -11.257250602276903 0.181772432 -1228.202880859375
[INFO] Register count_convNd() for <class 'torch.nn.modules.conv.Conv2d'>.
[INFO] Register count_normalization() for <class 'torch.nn.modules.batchnorm.BatchNorm2d'>.
[INFO] Register zero_ops() for <class 'torch.nn.modules.container.Sequential'>.
[INFO] Register zero_ops() for <class 'torch.nn.modules.activation.ReLU'>.
[INFO] Register zero_ops() for <class 'torch.nn.modules.pooling.MaxPool2d'>.
[INFO] Register count_adap_avgpool() for <class 'torch.nn.modules.pooling.AdaptiveAvgPool2d'>.
[INFO] Register count_linear() for <class 'torch.nn.modules.linear.Linear'>.
[INFO] Register count_normalization() for <class 'torch.nn.modules.batchnorm.BatchNorm1d'>.
[INFO] Register count_softmax() for <class 'torch.nn.modules.activation.Softmax'>.
[INFO] Register count_avgpool() for <class 'torch.nn.modules.pooling.AvgPool2d'>.
[INFO] Register count_upsample() for <class 'torch.nn.modules.upsampling.Upsample'>.
FLOPs: 0.10317568 billion
Parameters: 0.178598 million
Latency: 45.48 ms
MACs: 0.05158784 billion
DEBUG OBJECTIVES: -8.634875772750764 0.10317568 -857.9201049804688
[INFO] Register count_convNd() for <class 'torch.nn.modules.conv.Conv2d'>.
[INFO] Register count_normalization() for <class 'torch.nn.modules.batchnorm.BatchNorm2d'>.
[INFO] Register zero_ops() for <class 'torch.nn.modules.container.Sequential'>.
[INFO] Register zero_ops() for <class 'torch.nn.modules.activation.ReLU'>.
[INFO] Register count_avgpool() for <class 'torch.nn.modules.pooling.AvgPool2d'>.
[INFO] Register count_upsample() for <class 'torch.nn.modules.upsampling.Upsample'>.
[INFO] Register zero_ops() for <class 'torch.nn.modules.pooling.MaxPool2d'>.
[INFO] Register count_softmax() for <class 'torch.nn.modules.activation.Softmax'>.
[INFO] Register count_adap_avgpool() for <class 'torch.nn.modules.pooling.AdaptiveAvgPool2d'>.
[INFO] Register count_linear() for <class 'torch.nn.modules.linear.Linear'>.
[INFO] Register count_normalization() for <class 'torch.nn.modules.batchnorm.BatchNorm1d'>.
FLOPs: 0.288498608 billion
Parameters: 0.530657 million
Latency: 78.13 ms
MACs: 0.144249304 billion
DEBUG OBJECTIVES: -13.741791186590811 0.288498608 -1614.31787109375
[INFO] Register count_convNd() for <class 'torch.nn.modules.conv.Conv2d'>.
[INFO] Register count_normalization() for <class 'torch.nn.modules.batchnorm.BatchNorm2d'>.
[INFO] Register zero_ops() for <class 'torch.nn.modules.container.Sequential'>.
[INFO] Register zero_ops() for <class 'torch.nn.modules.activation.ReLU'>.
[INFO] Register count_avgpool() for <class 'torch.nn.modules.pooling.AvgPool2d'>.
[INFO] Register count_linear() for <class 'torch.nn.modules.linear.Linear'>.
[INFO] Register count_normalization() for <class 'torch.nn.modules.batchnorm.BatchNorm1d'>.
[INFO] Register count_softmax() for <class 'torch.nn.modules.activation.Softmax'>.
[INFO] Register count_adap_avgpool() for <class 'torch.nn.modules.pooling.AdaptiveAvgPool2d'>.
FLOPs: 0.096570304 billion
Parameters: 0.128752 million
Latency: 31.91 ms
MACs: 0.048285152 billion
DEBUG OBJECTIVES: -5.308128827559463 0.096570304 -850.0435791015625
[INFO] Register count_convNd() for <class 'torch.nn.modules.conv.Conv2d'>.
[INFO] Register count_normalization() for <class 'torch.nn.modules.batchnorm.BatchNorm2d'>.
[INFO] Register zero_ops() for <class 'torch.nn.modules.container.Sequential'>.
[INFO] Register zero_ops() for <class 'torch.nn.modules.activation.ReLU'>.
[INFO] Register count_avgpool() for <class 'torch.nn.modules.pooling.AvgPool2d'>.
[INFO] Register count_upsample() for <class 'torch.nn.modules.upsampling.Upsample'>.
[INFO] Register count_adap_avgpool() for <class 'torch.nn.modules.pooling.AdaptiveAvgPool2d'>.
[INFO] Register count_linear() for <class 'torch.nn.modules.linear.Linear'>.
[INFO] Register count_normalization() for <class 'torch.nn.modules.batchnorm.BatchNorm1d'>.
[INFO] Register count_softmax() for <class 'torch.nn.modules.activation.Softmax'>.
FLOPs: 0.234153168 billion
Parameters: 0.440485 million
Latency: 40.44 ms
MACs: 0.117076584 billion
DEBUG OBJECTIVES: -8.875396586284472 0.234153168 -1170.5919189453125
[INFO] Register count_convNd() for <class 'torch.nn.modules.conv.Conv2d'>.
[INFO] Register count_normalization() for <class 'torch.nn.modules.batchnorm.BatchNorm2d'>.
[INFO] Register zero_ops() for <class 'torch.nn.modules.container.Sequential'>.
[INFO] Register zero_ops() for <class 'torch.nn.modules.activation.ReLU'>.
[INFO] Register count_avgpool() for <class 'torch.nn.modules.pooling.AvgPool2d'>.
[INFO] Register count_upsample() for <class 'torch.nn.modules.upsampling.Upsample'>.
[INFO] Register zero_ops() for <class 'torch.nn.modules.pooling.MaxPool2d'>.
[INFO] Register count_softmax() for <class 'torch.nn.modules.activation.Softmax'>.
[INFO] Register count_adap_avgpool() for <class 'torch.nn.modules.pooling.AdaptiveAvgPool2d'>.
[INFO] Register count_linear() for <class 'torch.nn.modules.linear.Linear'>.
FLOPs: 0.1557296 billion
Parameters: 0.3412 million
Latency: 23.90 ms
MACs: 0.0778648 billion
DEBUG OBJECTIVES: -10.724749424596736 0.1557296 -507.7598876953125
[INFO] Register count_convNd() for <class 'torch.nn.modules.conv.Conv2d'>.
[INFO] Register count_normalization() for <class 'torch.nn.modules.batchnorm.BatchNorm2d'>.
[INFO] Register zero_ops() for <class 'torch.nn.modules.container.Sequential'>.
[INFO] Register zero_ops() for <class 'torch.nn.modules.activation.ReLU'>.
[INFO] Register count_avgpool() for <class 'torch.nn.modules.pooling.AvgPool2d'>.
[INFO] Register count_upsample() for <class 'torch.nn.modules.upsampling.Upsample'>.
[INFO] Register zero_ops() for <class 'torch.nn.modules.pooling.MaxPool2d'>.
[INFO] Register count_linear() for <class 'torch.nn.modules.linear.Linear'>.
[INFO] Register count_normalization() for <class 'torch.nn.modules.batchnorm.BatchNorm1d'>.
[INFO] Register count_softmax() for <class 'torch.nn.modules.activation.Softmax'>.
[INFO] Register count_adap_avgpool() for <class 'torch.nn.modules.pooling.AdaptiveAvgPool2d'>.
FLOPs: 0.238999376 billion
Parameters: 0.527872 million
Latency: 74.52 ms
MACs: 0.119499688 billion
DEBUG OBJECTIVES: -10.241244987688827 0.238999376 -1331.559814453125
     2 |       20 |      9 |  0.1597314525 |         nadir

NSGA-II Pareto objective values:
[[-7.71052594e+00  1.03175680e-01 -8.62137817e+02]
 [-7.05244887e+00  8.28077440e-02 -8.06031311e+02]
 [-1.62284580e+01  2.21686832e-01 -1.57319275e+03]
 [-1.39694296e+01  2.81432144e-01 -1.71584302e+03]
 [-1.36365348e+01  2.75782176e-01 -1.62886548e+03]
 [-1.20393616e+01  1.68900512e-01 -1.27411182e+03]
 [-8.63487577e+00  1.03175680e-01 -8.57920105e+02]
 [-5.30812883e+00  9.65703040e-02 -8.50043579e+02]
 [-1.07247494e+01  1.55729600e-01 -5.07759888e+02]]

================ TOPSIS SELECTED ARCHITECTURES ================
Weights: SynFlow/log_proxy_score = 0.4, ZiCO = 0.4, FLOPs = 0.2

SELECTED ARCHITECTURE #1
TOPSIS score: 0.768793
Distance to ideal best: 0.053596
Distance to ideal worst: 0.178214
SynFlow: 1.6922245618245756e+16
log10(SynFlow): 16.228457994335404
ZiCO: 1573.1927490234375
FLOPs: 0.221687 B
Params: 0.374401 M
MACs: 0.110843 B
Latency: 60.4930 ms
individual: [0.7277153036557827, 0, 4, 0.8987376939784888, 0, 5, 0.013812057245841045, 0, 1, 0.610610573431641, 1, 5, 0.9406743580546089, 1, 3, 0.9064502862686118, 1, 3, 0.3861076369998338, 0, 2, 0.5982673780907735, 3, 3, 0.9169196124393891, 0, 5, 0.3909268567943193, 0, 5, 0.17221611001365972, 1, 0, 0.13372836646626401, 0, 3, 0.021309557221456, 0, 5, 0.8188443164590251, 2, 0, 0.1744342930193047, 1, 1, 0.1296868763628077, 0, 4, 5]
decoded_cell: Genotype(normal=[('octave_conv_5x5', 0, 'GE_theta-plus'), ('mbconv_k5_t1', 0, 'DoubleAttention'), ('max_pool_3x3', 0, 'SE'), ('inv_res_5x5', 1, 'DoubleAttention'), ('mbconv_k3_t1', 1, 'CBAM'), ('mbconv_k5_t1', 1, 'CBAM'), ('dil_conv_5x5', 0, 'BAM'), ('inv_res_5x5', 3, 'CBAM')], normal_concat=[2, 3, 4, 5], reduce=[('mbconv_k5_t1', 0, 'DoubleAttention'), ('dil_conv_5x5', 0, 'DoubleAttention'), ('skip_connect', 1, 'Identity'), ('skip_connect', 0, 'CBAM'), ('max_pool_3x3', 0, 'DoubleAttention'), ('mbconv_k7_t1', 2, 'Identity'), ('skip_connect', 1, 'SE'), ('skip_connect', 0, 'GE_theta-plus')], reduce_concat=[2, 3, 4, 5], normal_bottleneck='', reduce_bottleneck='')

SELECTED ARCHITECTURE #2
TOPSIS score: 0.685758
Distance to ideal best: 0.078019
Distance to ideal worst: 0.170259
SynFlow: 93202937641271.25
log10(SynFlow): 13.96942960099441
ZiCO: 1715.843017578125
FLOPs: 0.281432 B
Params: 0.545857 M
MACs: 0.140716 B
Latency: 94.6310 ms
individual: [0.31209235506441924, 0, 5, 0.5720786431316901, 0, 1, 0.7800499414872493, 1, 3, 0.053370179353015426, 1, 2, 0.6722781481997753, 2, 5, 0.0003980046424438588, 1, 5, 0.37281451159831674, 3, 5, 0.5986689399643125, 2, 4, 0.5689643896610213, 0, 3, 0.282720518878737, 0, 3, 0.7425215460656334, 0, 5, 0.7475313665830033, 0, 4, 0.8558346357540538, 1, 1, 0.6640809028797113, 0, 2, 0.37828172451120207, 3, 2, 0.3974647876348452, 2, 1, 5]
decoded_cell: Genotype(normal=[('sep_conv_5x5', 0, 'DoubleAttention'), ('inv_res_5x5', 0, 'SE'), ('octave_conv_3x3', 1, 'CBAM'), ('max_pool_3x3', 1, 'BAM'), ('blur_pool_3x3', 2, 'DoubleAttention'), ('max_pool_3x3', 1, 'DoubleAttention'), ('dil_conv_3x3', 3, 'DoubleAttention'), ('inv_res_5x5', 2, 'GE_theta-plus')], normal_concat=[2, 3, 4, 5], reduce=[('inv_res_5x5', 0, 'CBAM'), ('sep_conv_5x5', 0, 'CBAM'), ('octave_conv_5x5', 0, 'DoubleAttention'), ('octave_conv_5x5', 0, 'GE_theta-plus'), ('mbconv_k7_t1', 1, 'SE'), ('blur_pool_3x3', 0, 'BAM'), ('dil_conv_5x5', 3, 'BAM'), ('dil_conv_5x5', 2, 'SE')], reduce_concat=[2, 3, 4, 5], normal_bottleneck='', reduce_bottleneck='')

Saved TOPSIS-selected architectures to: nsga2_selected_two_architectures.json
Saved 3D NSGA-II front surface plot to: nsga2_ranked_fronts.png
Elapsed time: 85.10161209106445 seconds
